Analysis & Synthesis report for AES_topo
Sat Oct 12 19:07:27 2019
Quartus II 64-Bit Version 13.0.0 Build 156 04/24/2013 SJ Web Edition


---------------------
; Table of Contents ;
---------------------
  1. Legal Notice
  2. Analysis & Synthesis Summary
  3. Analysis & Synthesis Settings
  4. Parallel Compilation
  5. Analysis & Synthesis Source Files Read
  6. Analysis & Synthesis Resource Usage Summary
  7. Analysis & Synthesis Resource Utilization by Entity
  8. General Register Statistics
  9. Port Connectivity Checks: "register8bits:R0_add"
 10. Elapsed Time Per Partition
 11. Analysis & Synthesis Messages



----------------
; Legal Notice ;
----------------
Copyright (C) 1991-2013 Altera Corporation
Your use of Altera Corporation's design tools, logic functions 
and other software and tools, and its AMPP partner logic 
functions, and any output files from any of the foregoing 
(including device programming or simulation files), and any 
associated documentation or information are expressly subject 
to the terms and conditions of the Altera Program License 
Subscription Agreement, Altera MegaCore Function License 
Agreement, or other applicable license agreement, including, 
without limitation, that your use is for the sole purpose of 
programming logic devices manufactured by Altera and sold by 
Altera or its authorized distributors.  Please refer to the 
applicable agreement for further details.



+---------------------------------------------------------------------------------+
; Analysis & Synthesis Summary                                                    ;
+------------------------------------+--------------------------------------------+
; Analysis & Synthesis Status        ; Successful - Sat Oct 12 19:07:27 2019      ;
; Quartus II 64-Bit Version          ; 13.0.0 Build 156 04/24/2013 SJ Web Edition ;
; Revision Name                      ; AES_topo                                   ;
; Top-level Entity Name              ; AES_topo                                   ;
; Family                             ; Cyclone III                                ;
; Total logic elements               ; 0                                          ;
;     Total combinational functions  ; 0                                          ;
;     Dedicated logic registers      ; 0                                          ;
; Total registers                    ; 0                                          ;
; Total pins                         ; 259                                        ;
; Total virtual pins                 ; 0                                          ;
; Total memory bits                  ; 0                                          ;
; Embedded Multiplier 9-bit elements ; 0                                          ;
; Total PLLs                         ; 0                                          ;
+------------------------------------+--------------------------------------------+


+----------------------------------------------------------------------------------------------------------------------+
; Analysis & Synthesis Settings                                                                                        ;
+----------------------------------------------------------------------------+--------------------+--------------------+
; Option                                                                     ; Setting            ; Default Value      ;
+----------------------------------------------------------------------------+--------------------+--------------------+
; Device                                                                     ; EP3C25F324C6       ;                    ;
; Top-level entity name                                                      ; AES_topo           ; AES_topo           ;
; Family name                                                                ; Cyclone III        ; Cyclone IV GX      ;
; Use smart compilation                                                      ; Off                ; Off                ;
; Enable parallel Assembler and TimeQuest Timing Analyzer during compilation ; On                 ; On                 ;
; Enable compact report table                                                ; Off                ; Off                ;
; Restructure Multiplexers                                                   ; Auto               ; Auto               ;
; Create Debugging Nodes for IP Cores                                        ; Off                ; Off                ;
; Preserve fewer node names                                                  ; On                 ; On                 ;
; Disable OpenCore Plus hardware evaluation                                  ; Off                ; Off                ;
; Verilog Version                                                            ; Verilog_2001       ; Verilog_2001       ;
; VHDL Version                                                               ; VHDL_1993          ; VHDL_1993          ;
; State Machine Processing                                                   ; Auto               ; Auto               ;
; Safe State Machine                                                         ; Off                ; Off                ;
; Extract Verilog State Machines                                             ; On                 ; On                 ;
; Extract VHDL State Machines                                                ; On                 ; On                 ;
; Ignore Verilog initial constructs                                          ; Off                ; Off                ;
; Iteration limit for constant Verilog loops                                 ; 5000               ; 5000               ;
; Iteration limit for non-constant Verilog loops                             ; 250                ; 250                ;
; Add Pass-Through Logic to Inferred RAMs                                    ; On                 ; On                 ;
; Infer RAMs from Raw Logic                                                  ; On                 ; On                 ;
; Parallel Synthesis                                                         ; On                 ; On                 ;
; DSP Block Balancing                                                        ; Auto               ; Auto               ;
; NOT Gate Push-Back                                                         ; On                 ; On                 ;
; Power-Up Don't Care                                                        ; On                 ; On                 ;
; Remove Redundant Logic Cells                                               ; Off                ; Off                ;
; Remove Duplicate Registers                                                 ; On                 ; On                 ;
; Ignore CARRY Buffers                                                       ; Off                ; Off                ;
; Ignore CASCADE Buffers                                                     ; Off                ; Off                ;
; Ignore GLOBAL Buffers                                                      ; Off                ; Off                ;
; Ignore ROW GLOBAL Buffers                                                  ; Off                ; Off                ;
; Ignore LCELL Buffers                                                       ; Off                ; Off                ;
; Ignore SOFT Buffers                                                        ; On                 ; On                 ;
; Limit AHDL Integers to 32 Bits                                             ; Off                ; Off                ;
; Optimization Technique                                                     ; Balanced           ; Balanced           ;
; Carry Chain Length                                                         ; 70                 ; 70                 ;
; Auto Carry Chains                                                          ; On                 ; On                 ;
; Auto Open-Drain Pins                                                       ; On                 ; On                 ;
; Perform WYSIWYG Primitive Resynthesis                                      ; Off                ; Off                ;
; Auto ROM Replacement                                                       ; On                 ; On                 ;
; Auto RAM Replacement                                                       ; On                 ; On                 ;
; Auto DSP Block Replacement                                                 ; On                 ; On                 ;
; Auto Shift Register Replacement                                            ; Auto               ; Auto               ;
; Allow Shift Register Merging across Hierarchies                            ; Auto               ; Auto               ;
; Auto Clock Enable Replacement                                              ; On                 ; On                 ;
; Strict RAM Replacement                                                     ; Off                ; Off                ;
; Allow Synchronous Control Signals                                          ; On                 ; On                 ;
; Force Use of Synchronous Clear Signals                                     ; Off                ; Off                ;
; Auto RAM Block Balancing                                                   ; On                 ; On                 ;
; Auto RAM to Logic Cell Conversion                                          ; Off                ; Off                ;
; Auto Resource Sharing                                                      ; Off                ; Off                ;
; Allow Any RAM Size For Recognition                                         ; Off                ; Off                ;
; Allow Any ROM Size For Recognition                                         ; Off                ; Off                ;
; Allow Any Shift Register Size For Recognition                              ; Off                ; Off                ;
; Use LogicLock Constraints during Resource Balancing                        ; On                 ; On                 ;
; Ignore translate_off and synthesis_off directives                          ; Off                ; Off                ;
; Timing-Driven Synthesis                                                    ; On                 ; On                 ;
; Report Parameter Settings                                                  ; On                 ; On                 ;
; Report Source Assignments                                                  ; On                 ; On                 ;
; Report Connectivity Checks                                                 ; On                 ; On                 ;
; Ignore Maximum Fan-Out Assignments                                         ; Off                ; Off                ;
; Synchronization Register Chain Length                                      ; 2                  ; 2                  ;
; PowerPlay Power Optimization                                               ; Normal compilation ; Normal compilation ;
; HDL message level                                                          ; Level2             ; Level2             ;
; Suppress Register Optimization Related Messages                            ; Off                ; Off                ;
; Number of Removed Registers Reported in Synthesis Report                   ; 5000               ; 5000               ;
; Number of Swept Nodes Reported in Synthesis Report                         ; 5000               ; 5000               ;
; Number of Inverted Registers Reported in Synthesis Report                  ; 100                ; 100                ;
; Clock MUX Protection                                                       ; On                 ; On                 ;
; Auto Gated Clock Conversion                                                ; Off                ; Off                ;
; Block Design Naming                                                        ; Auto               ; Auto               ;
; SDC constraint protection                                                  ; Off                ; Off                ;
; Synthesis Effort                                                           ; Auto               ; Auto               ;
; Shift Register Replacement - Allow Asynchronous Clear Signal               ; On                 ; On                 ;
; Pre-Mapping Resynthesis Optimization                                       ; Off                ; Off                ;
; Analysis & Synthesis Message Level                                         ; Medium             ; Medium             ;
; Disable Register Merging Across Hierarchies                                ; Auto               ; Auto               ;
; Resource Aware Inference For Block RAM                                     ; On                 ; On                 ;
; Synthesis Seed                                                             ; 1                  ; 1                  ;
+----------------------------------------------------------------------------+--------------------+--------------------+


Parallel compilation was disabled, but you have multiple processors available. Enable parallel compilation to reduce compilation time.
+-------------------------------------+
; Parallel Compilation                ;
+----------------------------+--------+
; Processors                 ; Number ;
+----------------------------+--------+
; Number detected on machine ; 8      ;
; Maximum allowed            ; 1      ;
+----------------------------+--------+


+----------------------------------------------------------------------------------------------------------------------------------------+
; Analysis & Synthesis Source Files Read                                                                                                 ;
+----------------------------------+-----------------+-----------------+-------------------------------------------------------+---------+
; File Name with User-Entered Path ; Used in Netlist ; File Type       ; File Name with Absolute Path                          ; Library ;
+----------------------------------+-----------------+-----------------+-------------------------------------------------------+---------+
; AES_topo.vhd                     ; yes             ; User VHDL File  ; C:/Users/andre/Desktop/AlgoritmoAes/AES_topo.vhd      ;         ;
; register8bits.vhd                ; yes             ; User VHDL File  ; C:/Users/andre/Desktop/AlgoritmoAes/register8bits.vhd ;         ;
; AddRound.vhd                     ; yes             ; User VHDL File  ; C:/Users/andre/Desktop/AlgoritmoAes/AddRound.vhd      ;         ;
+----------------------------------+-----------------+-----------------+-------------------------------------------------------+---------+


+-------------------------------------------------------+
; Analysis & Synthesis Resource Usage Summary           ;
+---------------------------------------------+---------+
; Resource                                    ; Usage   ;
+---------------------------------------------+---------+
;                                             ;         ;
; Total combinational functions               ; 0       ;
; Logic element usage by number of LUT inputs ;         ;
;     -- 4 input functions                    ; 0       ;
;     -- 3 input functions                    ; 0       ;
;     -- <=2 input functions                  ; 0       ;
;                                             ;         ;
; Logic elements by mode                      ;         ;
;     -- normal mode                          ; 0       ;
;     -- arithmetic mode                      ; 0       ;
;                                             ;         ;
; Total registers                             ; 0       ;
;     -- Dedicated logic registers            ; 0       ;
;     -- I/O registers                        ; 0       ;
;                                             ;         ;
; I/O pins                                    ; 259     ;
; Embedded Multiplier 9-bit elements          ; 0       ;
; Maximum fan-out node                        ; e0_t[0] ;
; Maximum fan-out                             ; 1       ;
; Total fan-out                               ; 259     ;
; Average fan-out                             ; 0.50    ;
+---------------------------------------------+---------+


+-----------------------------------------------------------------------------------------------------------------------------------------------------------------------------+
; Analysis & Synthesis Resource Utilization by Entity                                                                                                                         ;
+----------------------------+-------------------+--------------+-------------+--------------+---------+-----------+------+--------------+---------------------+--------------+
; Compilation Hierarchy Node ; LC Combinationals ; LC Registers ; Memory Bits ; DSP Elements ; DSP 9x9 ; DSP 18x18 ; Pins ; Virtual Pins ; Full Hierarchy Name ; Library Name ;
+----------------------------+-------------------+--------------+-------------+--------------+---------+-----------+------+--------------+---------------------+--------------+
; |AES_topo                  ; 0 (0)             ; 0 (0)        ; 0           ; 0            ; 0       ; 0         ; 259  ; 0            ; |AES_topo           ;              ;
+----------------------------+-------------------+--------------+-------------+--------------+---------+-----------+------+--------------+---------------------+--------------+
Note: For table entries with two numbers listed, the numbers in parentheses indicate the number of resources of the given type used by the specific entity alone. The numbers listed outside of parentheses indicate the total resources of the given type used by the specific entity and all of its sub-entities in the hierarchy.


+------------------------------------------------------+
; General Register Statistics                          ;
+----------------------------------------------+-------+
; Statistic                                    ; Value ;
+----------------------------------------------+-------+
; Total registers                              ; 0     ;
; Number of registers using Synchronous Clear  ; 0     ;
; Number of registers using Synchronous Load   ; 0     ;
; Number of registers using Asynchronous Clear ; 0     ;
; Number of registers using Asynchronous Load  ; 0     ;
; Number of registers using Clock Enable       ; 0     ;
; Number of registers using Preset             ; 0     ;
+----------------------------------------------+-------+


+----------------------------------------------------------------------------------------------------------------+
; Port Connectivity Checks: "register8bits:R0_add"                                                               ;
+------+--------+----------+-------------------------------------------------------------------------------------+
; Port ; Type   ; Severity ; Details                                                                             ;
+------+--------+----------+-------------------------------------------------------------------------------------+
; q    ; Output ; Info     ; Connected to dangling logic. Logic that only feeds a dangling port will be removed. ;
+------+--------+----------+-------------------------------------------------------------------------------------+


+-------------------------------+
; Elapsed Time Per Partition    ;
+----------------+--------------+
; Partition Name ; Elapsed Time ;
+----------------+--------------+
; Top            ; 00:00:00     ;
+----------------+--------------+


+-------------------------------+
; Analysis & Synthesis Messages ;
+-------------------------------+
Info: *******************************************************************
Info: Running Quartus II 64-Bit Analysis & Synthesis
    Info: Version 13.0.0 Build 156 04/24/2013 SJ Web Edition
    Info: Processing started: Sat Oct 12 19:07:24 2019
Info: Command: quartus_map --read_settings_files=on --write_settings_files=off AES_topo -c AES_topo
Warning (20028): Parallel compilation is not licensed and has been disabled
Info (12021): Found 2 design units, including 1 entities, in source file aes_topo.vhd
    Info (12022): Found design unit 1: AES_topo-hardwareTopo
    Info (12023): Found entity 1: AES_topo
Info (12021): Found 2 design units, including 1 entities, in source file register8bits.vhd
    Info (12022): Found design unit 1: register8bits-hardwareRegistradores
    Info (12023): Found entity 1: register8bits
Info (12021): Found 2 design units, including 1 entities, in source file addround.vhd
    Info (12022): Found design unit 1: AddRound-hardwareAddRound
    Info (12023): Found entity 1: AddRound
Info (12127): Elaborating entity "AES_topo" for the top level hierarchy
Warning (10036): Verilog HDL or VHDL warning at AES_topo.vhd(32): object "outRegAdd0_sg" assigned a value but never read
Info (12128): Elaborating entity "register8bits" for hierarchy "register8bits:R0_texto"
Info (12128): Elaborating entity "AddRound" for hierarchy "AddRound:Add0"
Info (16010): Generating hard_block partition "hard_block:auto_generated_inst"
    Info (16011): Adding 0 node(s), including 0 DDIO, 0 PLL, 0 transceiver and 0 LCELL
Warning (21074): Design contains 259 input pin(s) that do not drive logic
    Warning (15610): No output dependent on input pin "e0_t[0]"
    Warning (15610): No output dependent on input pin "e0_t[1]"
    Warning (15610): No output dependent on input pin "e0_t[2]"
    Warning (15610): No output dependent on input pin "e0_t[3]"
    Warning (15610): No output dependent on input pin "e0_t[4]"
    Warning (15610): No output dependent on input pin "e0_t[5]"
    Warning (15610): No output dependent on input pin "e0_t[6]"
    Warning (15610): No output dependent on input pin "e0_t[7]"
    Warning (15610): No output dependent on input pin "e0_t[8]"
    Warning (15610): No output dependent on input pin "e0_t[9]"
    Warning (15610): No output dependent on input pin "e0_t[10]"
    Warning (15610): No output dependent on input pin "e0_t[11]"
    Warning (15610): No output dependent on input pin "e0_t[12]"
    Warning (15610): No output dependent on input pin "e0_t[13]"
    Warning (15610): No output dependent on input pin "e0_t[14]"
    Warning (15610): No output dependent on input pin "e0_t[15]"
    Warning (15610): No output dependent on input pin "e0_t[16]"
    Warning (15610): No output dependent on input pin "e0_t[17]"
    Warning (15610): No output dependent on input pin "e0_t[18]"
    Warning (15610): No output dependent on input pin "e0_t[19]"
    Warning (15610): No output dependent on input pin "e0_t[20]"
    Warning (15610): No output dependent on input pin "e0_t[21]"
    Warning (15610): No output dependent on input pin "e0_t[22]"
    Warning (15610): No output dependent on input pin "e0_t[23]"
    Warning (15610): No output dependent on input pin "e0_t[24]"
    Warning (15610): No output dependent on input pin "e0_t[25]"
    Warning (15610): No output dependent on input pin "e0_t[26]"
    Warning (15610): No output dependent on input pin "e0_t[27]"
    Warning (15610): No output dependent on input pin "e0_t[28]"
    Warning (15610): No output dependent on input pin "e0_t[29]"
    Warning (15610): No output dependent on input pin "e0_t[30]"
    Warning (15610): No output dependent on input pin "e0_t[31]"
    Warning (15610): No output dependent on input pin "e0_t[32]"
    Warning (15610): No output dependent on input pin "e0_t[33]"
    Warning (15610): No output dependent on input pin "e0_t[34]"
    Warning (15610): No output dependent on input pin "e0_t[35]"
    Warning (15610): No output dependent on input pin "e0_t[36]"
    Warning (15610): No output dependent on input pin "e0_t[37]"
    Warning (15610): No output dependent on input pin "e0_t[38]"
    Warning (15610): No output dependent on input pin "e0_t[39]"
    Warning (15610): No output dependent on input pin "e0_t[40]"
    Warning (15610): No output dependent on input pin "e0_t[41]"
    Warning (15610): No output dependent on input pin "e0_t[42]"
    Warning (15610): No output dependent on input pin "e0_t[43]"
    Warning (15610): No output dependent on input pin "e0_t[44]"
    Warning (15610): No output dependent on input pin "e0_t[45]"
    Warning (15610): No output dependent on input pin "e0_t[46]"
    Warning (15610): No output dependent on input pin "e0_t[47]"
    Warning (15610): No output dependent on input pin "e0_t[48]"
    Warning (15610): No output dependent on input pin "e0_t[49]"
    Warning (15610): No output dependent on input pin "e0_t[50]"
    Warning (15610): No output dependent on input pin "e0_t[51]"
    Warning (15610): No output dependent on input pin "e0_t[52]"
    Warning (15610): No output dependent on input pin "e0_t[53]"
    Warning (15610): No output dependent on input pin "e0_t[54]"
    Warning (15610): No output dependent on input pin "e0_t[55]"
    Warning (15610): No output dependent on input pin "e0_t[56]"
    Warning (15610): No output dependent on input pin "e0_t[57]"
    Warning (15610): No output dependent on input pin "e0_t[58]"
    Warning (15610): No output dependent on input pin "e0_t[59]"
    Warning (15610): No output dependent on input pin "e0_t[60]"
    Warning (15610): No output dependent on input pin "e0_t[61]"
    Warning (15610): No output dependent on input pin "e0_t[62]"
    Warning (15610): No output dependent on input pin "e0_t[63]"
    Warning (15610): No output dependent on input pin "e0_t[64]"
    Warning (15610): No output dependent on input pin "e0_t[65]"
    Warning (15610): No output dependent on input pin "e0_t[66]"
    Warning (15610): No output dependent on input pin "e0_t[67]"
    Warning (15610): No output dependent on input pin "e0_t[68]"
    Warning (15610): No output dependent on input pin "e0_t[69]"
    Warning (15610): No output dependent on input pin "e0_t[70]"
    Warning (15610): No output dependent on input pin "e0_t[71]"
    Warning (15610): No output dependent on input pin "e0_t[72]"
    Warning (15610): No output dependent on input pin "e0_t[73]"
    Warning (15610): No output dependent on input pin "e0_t[74]"
    Warning (15610): No output dependent on input pin "e0_t[75]"
    Warning (15610): No output dependent on input pin "e0_t[76]"
    Warning (15610): No output dependent on input pin "e0_t[77]"
    Warning (15610): No output dependent on input pin "e0_t[78]"
    Warning (15610): No output dependent on input pin "e0_t[79]"
    Warning (15610): No output dependent on input pin "e0_t[80]"
    Warning (15610): No output dependent on input pin "e0_t[81]"
    Warning (15610): No output dependent on input pin "e0_t[82]"
    Warning (15610): No output dependent on input pin "e0_t[83]"
    Warning (15610): No output dependent on input pin "e0_t[84]"
    Warning (15610): No output dependent on input pin "e0_t[85]"
    Warning (15610): No output dependent on input pin "e0_t[86]"
    Warning (15610): No output dependent on input pin "e0_t[87]"
    Warning (15610): No output dependent on input pin "e0_t[88]"
    Warning (15610): No output dependent on input pin "e0_t[89]"
    Warning (15610): No output dependent on input pin "e0_t[90]"
    Warning (15610): No output dependent on input pin "e0_t[91]"
    Warning (15610): No output dependent on input pin "e0_t[92]"
    Warning (15610): No output dependent on input pin "e0_t[93]"
    Warning (15610): No output dependent on input pin "e0_t[94]"
    Warning (15610): No output dependent on input pin "e0_t[95]"
    Warning (15610): No output dependent on input pin "e0_t[96]"
    Warning (15610): No output dependent on input pin "e0_t[97]"
    Warning (15610): No output dependent on input pin "e0_t[98]"
    Warning (15610): No output dependent on input pin "e0_t[99]"
    Warning (15610): No output dependent on input pin "e0_t[100]"
    Warning (15610): No output dependent on input pin "e0_t[101]"
    Warning (15610): No output dependent on input pin "e0_t[102]"
    Warning (15610): No output dependent on input pin "e0_t[103]"
    Warning (15610): No output dependent on input pin "e0_t[104]"
    Warning (15610): No output dependent on input pin "e0_t[105]"
    Warning (15610): No output dependent on input pin "e0_t[106]"
    Warning (15610): No output dependent on input pin "e0_t[107]"
    Warning (15610): No output dependent on input pin "e0_t[108]"
    Warning (15610): No output dependent on input pin "e0_t[109]"
    Warning (15610): No output dependent on input pin "e0_t[110]"
    Warning (15610): No output dependent on input pin "e0_t[111]"
    Warning (15610): No output dependent on input pin "e0_t[112]"
    Warning (15610): No output dependent on input pin "e0_t[113]"
    Warning (15610): No output dependent on input pin "e0_t[114]"
    Warning (15610): No output dependent on input pin "e0_t[115]"
    Warning (15610): No output dependent on input pin "e0_t[116]"
    Warning (15610): No output dependent on input pin "e0_t[117]"
    Warning (15610): No output dependent on input pin "e0_t[118]"
    Warning (15610): No output dependent on input pin "e0_t[119]"
    Warning (15610): No output dependent on input pin "e0_t[120]"
    Warning (15610): No output dependent on input pin "e0_t[121]"
    Warning (15610): No output dependent on input pin "e0_t[122]"
    Warning (15610): No output dependent on input pin "e0_t[123]"
    Warning (15610): No output dependent on input pin "e0_t[124]"
    Warning (15610): No output dependent on input pin "e0_t[125]"
    Warning (15610): No output dependent on input pin "e0_t[126]"
    Warning (15610): No output dependent on input pin "e0_t[127]"
    Warning (15610): No output dependent on input pin "e0_c[0]"
    Warning (15610): No output dependent on input pin "e0_c[1]"
    Warning (15610): No output dependent on input pin "e0_c[2]"
    Warning (15610): No output dependent on input pin "e0_c[3]"
    Warning (15610): No output dependent on input pin "e0_c[4]"
    Warning (15610): No output dependent on input pin "e0_c[5]"
    Warning (15610): No output dependent on input pin "e0_c[6]"
    Warning (15610): No output dependent on input pin "e0_c[7]"
    Warning (15610): No output dependent on input pin "e0_c[8]"
    Warning (15610): No output dependent on input pin "e0_c[9]"
    Warning (15610): No output dependent on input pin "e0_c[10]"
    Warning (15610): No output dependent on input pin "e0_c[11]"
    Warning (15610): No output dependent on input pin "e0_c[12]"
    Warning (15610): No output dependent on input pin "e0_c[13]"
    Warning (15610): No output dependent on input pin "e0_c[14]"
    Warning (15610): No output dependent on input pin "e0_c[15]"
    Warning (15610): No output dependent on input pin "e0_c[16]"
    Warning (15610): No output dependent on input pin "e0_c[17]"
    Warning (15610): No output dependent on input pin "e0_c[18]"
    Warning (15610): No output dependent on input pin "e0_c[19]"
    Warning (15610): No output dependent on input pin "e0_c[20]"
    Warning (15610): No output dependent on input pin "e0_c[21]"
    Warning (15610): No output dependent on input pin "e0_c[22]"
    Warning (15610): No output dependent on input pin "e0_c[23]"
    Warning (15610): No output dependent on input pin "e0_c[24]"
    Warning (15610): No output dependent on input pin "e0_c[25]"
    Warning (15610): No output dependent on input pin "e0_c[26]"
    Warning (15610): No output dependent on input pin "e0_c[27]"
    Warning (15610): No output dependent on input pin "e0_c[28]"
    Warning (15610): No output dependent on input pin "e0_c[29]"
    Warning (15610): No output dependent on input pin "e0_c[30]"
    Warning (15610): No output dependent on input pin "e0_c[31]"
    Warning (15610): No output dependent on input pin "e0_c[32]"
    Warning (15610): No output dependent on input pin "e0_c[33]"
    Warning (15610): No output dependent on input pin "e0_c[34]"
    Warning (15610): No output dependent on input pin "e0_c[35]"
    Warning (15610): No output dependent on input pin "e0_c[36]"
    Warning (15610): No output dependent on input pin "e0_c[37]"
    Warning (15610): No output dependent on input pin "e0_c[38]"
    Warning (15610): No output dependent on input pin "e0_c[39]"
    Warning (15610): No output dependent on input pin "e0_c[40]"
    Warning (15610): No output dependent on input pin "e0_c[41]"
    Warning (15610): No output dependent on input pin "e0_c[42]"
    Warning (15610): No output dependent on input pin "e0_c[43]"
    Warning (15610): No output dependent on input pin "e0_c[44]"
    Warning (15610): No output dependent on input pin "e0_c[45]"
    Warning (15610): No output dependent on input pin "e0_c[46]"
    Warning (15610): No output dependent on input pin "e0_c[47]"
    Warning (15610): No output dependent on input pin "e0_c[48]"
    Warning (15610): No output dependent on input pin "e0_c[49]"
    Warning (15610): No output dependent on input pin "e0_c[50]"
    Warning (15610): No output dependent on input pin "e0_c[51]"
    Warning (15610): No output dependent on input pin "e0_c[52]"
    Warning (15610): No output dependent on input pin "e0_c[53]"
    Warning (15610): No output dependent on input pin "e0_c[54]"
    Warning (15610): No output dependent on input pin "e0_c[55]"
    Warning (15610): No output dependent on input pin "e0_c[56]"
    Warning (15610): No output dependent on input pin "e0_c[57]"
    Warning (15610): No output dependent on input pin "e0_c[58]"
    Warning (15610): No output dependent on input pin "e0_c[59]"
    Warning (15610): No output dependent on input pin "e0_c[60]"
    Warning (15610): No output dependent on input pin "e0_c[61]"
    Warning (15610): No output dependent on input pin "e0_c[62]"
    Warning (15610): No output dependent on input pin "e0_c[63]"
    Warning (15610): No output dependent on input pin "e0_c[64]"
    Warning (15610): No output dependent on input pin "e0_c[65]"
    Warning (15610): No output dependent on input pin "e0_c[66]"
    Warning (15610): No output dependent on input pin "e0_c[67]"
    Warning (15610): No output dependent on input pin "e0_c[68]"
    Warning (15610): No output dependent on input pin "e0_c[69]"
    Warning (15610): No output dependent on input pin "e0_c[70]"
    Warning (15610): No output dependent on input pin "e0_c[71]"
    Warning (15610): No output dependent on input pin "e0_c[72]"
    Warning (15610): No output dependent on input pin "e0_c[73]"
    Warning (15610): No output dependent on input pin "e0_c[74]"
    Warning (15610): No output dependent on input pin "e0_c[75]"
    Warning (15610): No output dependent on input pin "e0_c[76]"
    Warning (15610): No output dependent on input pin "e0_c[77]"
    Warning (15610): No output dependent on input pin "e0_c[78]"
    Warning (15610): No output dependent on input pin "e0_c[79]"
    Warning (15610): No output dependent on input pin "e0_c[80]"
    Warning (15610): No output dependent on input pin "e0_c[81]"
    Warning (15610): No output dependent on input pin "e0_c[82]"
    Warning (15610): No output dependent on input pin "e0_c[83]"
    Warning (15610): No output dependent on input pin "e0_c[84]"
    Warning (15610): No output dependent on input pin "e0_c[85]"
    Warning (15610): No output dependent on input pin "e0_c[86]"
    Warning (15610): No output dependent on input pin "e0_c[87]"
    Warning (15610): No output dependent on input pin "e0_c[88]"
    Warning (15610): No output dependent on input pin "e0_c[89]"
    Warning (15610): No output dependent on input pin "e0_c[90]"
    Warning (15610): No output dependent on input pin "e0_c[91]"
    Warning (15610): No output dependent on input pin "e0_c[92]"
    Warning (15610): No output dependent on input pin "e0_c[93]"
    Warning (15610): No output dependent on input pin "e0_c[94]"
    Warning (15610): No output dependent on input pin "e0_c[95]"
    Warning (15610): No output dependent on input pin "e0_c[96]"
    Warning (15610): No output dependent on input pin "e0_c[97]"
    Warning (15610): No output dependent on input pin "e0_c[98]"
    Warning (15610): No output dependent on input pin "e0_c[99]"
    Warning (15610): No output dependent on input pin "e0_c[100]"
    Warning (15610): No output dependent on input pin "e0_c[101]"
    Warning (15610): No output dependent on input pin "e0_c[102]"
    Warning (15610): No output dependent on input pin "e0_c[103]"
    Warning (15610): No output dependent on input pin "e0_c[104]"
    Warning (15610): No output dependent on input pin "e0_c[105]"
    Warning (15610): No output dependent on input pin "e0_c[106]"
    Warning (15610): No output dependent on input pin "e0_c[107]"
    Warning (15610): No output dependent on input pin "e0_c[108]"
    Warning (15610): No output dependent on input pin "e0_c[109]"
    Warning (15610): No output dependent on input pin "e0_c[110]"
    Warning (15610): No output dependent on input pin "e0_c[111]"
    Warning (15610): No output dependent on input pin "e0_c[112]"
    Warning (15610): No output dependent on input pin "e0_c[113]"
    Warning (15610): No output dependent on input pin "e0_c[114]"
    Warning (15610): No output dependent on input pin "e0_c[115]"
    Warning (15610): No output dependent on input pin "e0_c[116]"
    Warning (15610): No output dependent on input pin "e0_c[117]"
    Warning (15610): No output dependent on input pin "e0_c[118]"
    Warning (15610): No output dependent on input pin "e0_c[119]"
    Warning (15610): No output dependent on input pin "e0_c[120]"
    Warning (15610): No output dependent on input pin "e0_c[121]"
    Warning (15610): No output dependent on input pin "e0_c[122]"
    Warning (15610): No output dependent on input pin "e0_c[123]"
    Warning (15610): No output dependent on input pin "e0_c[124]"
    Warning (15610): No output dependent on input pin "e0_c[125]"
    Warning (15610): No output dependent on input pin "e0_c[126]"
    Warning (15610): No output dependent on input pin "e0_c[127]"
    Warning (15610): No output dependent on input pin "clock"
    Warning (15610): No output dependent on input pin "En_inputs"
    Warning (15610): No output dependent on input pin "En_regAddRound"
Info (21057): Implemented 259 device resources after synthesis - the final resource count might be different
    Info (21058): Implemented 259 input pins
    Info (21059): Implemented 0 output pins
Info: Quartus II 64-Bit Analysis & Synthesis was successful. 0 errors, 262 warnings
    Info: Peak virtual memory: 4622 megabytes
    Info: Processing ended: Sat Oct 12 19:07:27 2019
    Info: Elapsed time: 00:00:03
    Info: Total CPU time (on all processors): 00:00:03


